LLOW	1	script	file
1	help	-	0	0	0	0	OK	0	0	68656c70	-
2	size	-	0	0	0	0	OK	0	0	73697a65	-
3	list	-	0	0	0	0	OK	0	0	6c697374	-
4	create	-	1	0	0	0	OK	0	0	637265617465204261636b67726f756e64	-
5	create	-	2	0	0	0	OK	0	0	63726561746520496e6b	-
6	create	-	3	0	0	0	OK	0	0	6372656174652053656c656374696f6e	-
7	insert-back	-	1	1	0	0	OK	1	0	696e736572742d6261636b2031	1
8	move-front	-	0	1	0	1	OK	1	0	6d6f76652d66726f6e742031	1
9	move-back	-	0	1	0	1	OK	1	0	6d6f76652d6261636b2031	1
10	compare	-	0	1	1	1	OK	1	0	636f6d7061726520312031	1
11	insert-back	-	2	2	0	1	OK	2	0	696e736572742d6261636b2032	1,2
12	insert-before	-	0	3	2	2	OK	3	0	696e736572742d6265666f7265204e554c4c2032	1,3,2
13	insert-after	-	2	4	2	3	OK	4	0	696e736572742d616674657220322032	1,3,2,4
14	insert-front	-	3	5	0	4	OK	5	0	696e736572742d66726f6e742033	5,1,3,2,4
15	list	-	0	0	0	5	OK	5	0	6c697374	5,1,3,2,4
16	list-reverse	-	0	0	0	5	OK	5	0	6c6973742d72657665727365	5,1,3,2,4
17	move-before	-	0	4	2	5	OK	5	0	6d6f76652d6265666f726520342032	5,1,3,4,2
18	move-after	-	0	4	2	5	OK	5	0	6d6f76652d616674657220342032	5,1,3,2,4
19	move-before	-	0	4	4	5	OK	5	0	6d6f76652d6265666f726520342034	5,1,3,2,4
20	move-after	-	0	4	4	5	OK	5	0	6d6f76652d616674657220342034	5,1,3,2,4
21	move-front	-	0	2	0	5	OK	5	0	6d6f76652d66726f6e742032	2,5,1,3,4
22	move-back	-	0	5	0	5	OK	5	0	6d6f76652d6261636b2035	2,1,3,4,5
23	compare	-	0	2	5	5	OK	5	-1	636f6d7061726520322035	2,1,3,4,5
24	remove	-	0	3	0	5	OK	4	0	72656d6f76652033	2,1,4,5
25	insert-before	-	0	6	4	4	OK	5	0	696e736572742d6265666f7265204e554c4c2034	2,1,6,4,5
26	remove	-	0	2	0	5	OK	4	0	72656d6f76652032	1,6,4,5
27	move-front	-	0	2	0	4	APP_RETIRED_OCCURRENCE	4	0	6d6f76652d66726f6e742032	1,6,4,5
28	insert-after	-	2	7	1	4	OK	5	0	696e736572742d616674657220322031	1,7,6,4,5
29	size	-	0	0	0	5	OK	5	0	73697a65	1,7,6,4,5
30	list	-	0	0	0	5	OK	5	0	6c697374	1,7,6,4,5
31	list-reverse	-	0	0	0	5	OK	5	0	6c6973742d72657665727365	1,7,6,4,5
32	quit	-	0	0	0	5	OK	5	0	71756974	1,7,6,4,5
LLOW-END	32
