LLOW	1	script	file
1	create	-	1	0	0	0	OK	0	0	6372656174652043616e766173	-
2	create	-	2	0	0	0	OK	0	0	6372656174652047726964	-
3	create	-	3	0	0	0	OK	0	0	637265617465204775696465	-
4	insert-front	-	1	1	0	0	OK	1	0	696e736572742d66726f6e742031	1
5	insert-after	-	2	2	1	1	OK	2	0	696e736572742d616674657220322031	1,2
6	insert-before	-	3	3	2	2	OK	3	0	696e736572742d6265666f726520332032	1,3,2
7	insert-back	-	0	4	0	3	OK	4	0	696e736572742d6261636b204e554c4c	1,3,2,4
8	insert-back	-	2	5	0	4	OK	5	0	696e736572742d6261636b2032	1,3,2,4,5
9	insert-front	-	0	6	0	5	OK	6	0	696e736572742d66726f6e74204e554c4c	6,1,3,2,4,5
10	list	-	0	0	0	6	OK	6	0	6c697374	6,1,3,2,4,5
11	move-back	-	0	6	0	6	OK	6	0	6d6f76652d6261636b2036	1,3,2,4,5,6
12	move-front	-	0	5	0	6	OK	6	0	6d6f76652d66726f6e742035	5,1,3,2,4,6
13	move-before	-	0	4	3	6	OK	6	0	6d6f76652d6265666f726520342033	5,1,4,3,2,6
14	move-after	-	0	1	2	6	OK	6	0	6d6f76652d616674657220312032	5,4,3,2,1,6
15	move-before	-	0	3	2	6	OK	6	0	6d6f76652d6265666f726520332032	5,4,3,2,1,6
16	move-after	-	0	2	3	6	OK	6	0	6d6f76652d616674657220322033	5,4,3,2,1,6
17	move-front	-	0	5	0	6	OK	6	0	6d6f76652d66726f6e742035	5,4,3,2,1,6
18	move-back	-	0	6	0	6	OK	6	0	6d6f76652d6261636b2036	5,4,3,2,1,6
19	compare	-	0	4	5	6	OK	6	1	636f6d7061726520342035	5,4,3,2,1,6
20	compare	-	0	5	4	6	OK	6	-1	636f6d7061726520352034	5,4,3,2,1,6
21	compare	-	0	6	6	6	OK	6	0	636f6d7061726520362036	5,4,3,2,1,6
22	list-reverse	-	0	0	0	6	OK	6	0	6c6973742d72657665727365	5,4,3,2,1,6
23	remove	-	0	5	0	6	OK	5	0	72656d6f76652035	4,3,2,1,6
24	remove	-	0	6	0	5	OK	4	0	72656d6f76652036	4,3,2,1
25	compare	-	0	5	4	4	APP_RETIRED_OCCURRENCE	4	0	636f6d7061726520352034	4,3,2,1
26	insert-front	-	2	7	0	4	OK	5	0	696e736572742d66726f6e742032	7,4,3,2,1
27	insert-after	-	0	8	7	5	OK	6	0	696e736572742d6166746572204e554c4c2037	7,8,4,3,2,1
28	move-before	-	0	8	7	6	OK	6	0	6d6f76652d6265666f726520382037	8,7,4,3,2,1
29	size	-	0	0	0	6	OK	6	0	73697a65	8,7,4,3,2,1
30	list	-	0	0	0	6	OK	6	0	6c697374	8,7,4,3,2,1
31	quit	-	0	0	0	6	OK	6	0	71756974	8,7,4,3,2,1
LLOW-END	31
