LLOW	1	script	file
1	size	-	0	0	0	0	OK	0	0	73697a65	-
2	list-reverse	-	0	0	0	0	OK	0	0	6c6973742d72657665727365	-
3	create	-	1	0	0	0	OK	0	0	637265617465204472616674	-
4	insert-back	-	0	1	0	0	OK	1	0	696e736572742d6261636b204e554c4c	1
5	insert-front	-	1	2	0	1	OK	2	0	696e736572742d66726f6e742031	2,1
6	insert-after	-	1	3	1	2	OK	3	0	696e736572742d616674657220312031	2,1,3
7	insert-before	-	0	4	2	3	OK	4	0	696e736572742d6265666f7265204e554c4c2032	4,2,1,3
8	move-after	-	0	2	3	4	OK	4	0	6d6f76652d616674657220322033	4,1,3,2
9	move-before	-	0	2	3	4	OK	4	0	6d6f76652d6265666f726520322033	4,1,2,3
10	move-before	-	0	2	2	4	OK	4	0	6d6f76652d6265666f726520322032	4,1,2,3
11	move-after	-	0	1	1	4	OK	4	0	6d6f76652d616674657220312031	4,1,2,3
12	compare	-	0	4	2	4	OK	4	-1	636f6d7061726520342032	4,1,2,3
13	remove	-	0	3	0	4	OK	3	0	72656d6f76652033	4,1,2
14	compare	-	0	3	2	3	APP_RETIRED_OCCURRENCE	3	0	636f6d7061726520332032	4,1,2
15	insert-back	-	1	5	0	3	OK	4	0	696e736572742d6261636b2031	4,1,2,5
16	insert-front	-	0	6	0	4	OK	5	0	696e736572742d66726f6e74204e554c4c	6,4,1,2,5
17	move-back	-	0	6	0	5	OK	5	0	6d6f76652d6261636b2036	4,1,2,5,6
18	move-front	-	0	5	0	5	OK	5	0	6d6f76652d66726f6e742035	5,4,1,2,6
19	insert-before	-	99	0	1	5	APP_UNKNOWN_OBJECT	5	0	696e736572742d6265666f72652039392031	5,4,1,2,6
20	move-after	-	0	1	999	5	APP_UNKNOWN_OCCURRENCE	5	0	6d6f76652d6166746572203120393939	5,4,1,2,6
21	remove	-	0	0	0	5	APP_ID_FORMAT	5	0	72656d6f7665202d31	5,4,1,2,6
22	insert-back	-	0	0	0	5	APP_ARGUMENT_COUNT	5	0	696e736572742d6261636b	5,4,1,2,6
23	invalid	-	0	0	0	5	APP_UNKNOWN_COMMAND	5	0	756e6b6e6f776e	5,4,1,2,6
24	remove	-	0	2	0	5	OK	4	0	72656d6f76652032	5,4,1,6
25	insert-before	-	1	7	1	4	OK	5	0	696e736572742d6265666f726520312031	5,4,7,1,6
26	list	-	0	0	0	5	OK	5	0	6c697374	5,4,7,1,6
27	list-reverse	-	0	0	0	5	OK	5	0	6c6973742d72657665727365	5,4,7,1,6
28	size	-	0	0	0	5	OK	5	0	73697a65	5,4,7,1,6
29	help	-	0	0	0	5	OK	5	0	68656c70	5,4,7,1,6
30	quit	-	0	0	0	5	OK	5	0	71756974	5,4,7,1,6
LLOW-END	30
